<?xml version="1.0" encoding="utf-8"?><testsuites><testsuite name="pytest" errors="0" failures="0" skipped="0" tests="2" time="1.587" timestamp="2024-06-14T16:14:31.504294" hostname="MacBook-Pro-khxng-sunee.local"><testcase classname="test_example" name="test_has_title[chromium]" time="0.954" /><testcase classname="test_example" name="test_get_started_link[chromium]" time="0.617" /></testsuite></testsuites>